============================ test session starts =============================
platform win32 -- Python 3.8.10, pytest-8.3.5, pluggy-1.5.0
rootdir: P:\merger-cli
configfile: pyproject.toml
testpaths: packages/merger-cli/tests, packages/merger-plugin-api/tests, tests
plugins: anyio-4.5.2, cov-5.0.0
collected 111 items

packages\merger-cli\tests\test_cli.py ........                           [  7%]
packages\merger-cli\tests\test_cli_case_insensitive.py ...               [  9%]
packages\merger-cli\tests\test_config.py ...                             [ 12%]
packages\merger-cli\tests\test_exporters.py ......                       [ 18%]
packages\merger-cli\tests\test_injection.py .........                    [ 26%]
packages\merger-cli\tests\test_languages.py ...........................  [ 50%]
packages\merger-cli\tests\test_magic_utils.py .....                      [ 54%]
packages\merger-cli\tests\test_patterns.py .............s                [ 67%]
packages\merger-cli\tests\test_plugin_install_errors.py .                [ 68%]
packages\merger-cli\tests\test_plugin_loader.py ......                   [ 73%]
packages\merger-cli\tests\test_plugins.py ...                            [ 76%]
packages\merger-cli\tests\test_standalone.py ssssss                      [ 81%]
packages\merger-cli\tests\test_unified_plugins.py .                      [ 82%]
packages\merger-cli\tests\test_update.py .                               [ 83%]
packages\merger-cli\tests\test_updates.py ......                         [ 89%]
packages\merger-cli\tests\test_utils.py .....                            [ 93%]
packages\merger-plugin-api\tests\test_tree.py .......                    [100%]

======================= 104 passed, 7 skipped in 1.46s ========================
